<html>
<body>
<pre>
<h1>µVision Build Log</h1>
<h2>Tool Versions:</h2>
IDE-Version: µVision V5.40.0.0
Copyright (C) 2024 ARM Ltd and ARM Germany GmbH. All rights reserved.
License Information: a a, a, LIC=----
 
Tool Versions:
Toolchain:       MDK-Lite  Version: 5.40.0.3
Toolchain Path:  C:\Keil5\ARM\ARMCLANG\Bin
C Compiler:      ArmClang.exe V6.22
Assembler:       Armasm.exe V6.22
Linker/Locator:  ArmLink.exe V6.22
Library Manager: ArmAr.exe V6.22
Hex Converter:   FromElf.exe V6.22
CPU DLL:         SARMCM3.DLL V5.40.0.3
Dialog DLL:      DCM.DLL V1.17.5.0
Target DLL:      STLink\ST-LINKIII-KEIL_SWO.dll V3.3.0.0
Dialog DLL:      TCM.DLL V1.56.4.0
 
<h2>Project:</h2>
D:\000\TEST1\TEST1.uvprojx
Project File Date:  03/29/2025

<h2>Output:</h2>
*** Using Compiler 'V6.22', folder: 'C:\Keil5\ARM\ARMCLANG\Bin'
Rebuild target 'TEST1'
Note: source file '.\Libraries\STM32F10x_StdPeriph_Driver\src\stm32f10x_gpio.c' - object file renamed from '.\Objects\stm32f10x_gpio.o' to '.\Objects\stm32f10x_gpio_1.o'.
Note: source file '.\Libraries\STM32F10x_StdPeriph_Driver\src\stm32f10x_rcc.c' - object file renamed from '.\Objects\stm32f10x_rcc.o' to '.\Objects\stm32f10x_rcc_1.o'.
compiling stm32f10x_it.c...
assembling startup_stm32f10x_md.s...
compiling system_stm32f10x.c...
compiling stm32f10x_rcc.c...
compiling stm32f10x_gpio.c...
compiling stm32f10x_i2c.c...
compiling main.c...
compiling stm32f10x_pwr.c...
compiling stm32f10x_spi.c...
compiling stm32f10x_usart.c...
compiling stm32f10x_adc.c...
compiling stm32f10x_tim.c...
linking...
Program Size: Code=4940 RO-data=292 RW-data=0 ZI-data=1688  
FromELF: creating hex file...
".\Objects\TEST1.axf" - 0 Error(s), 0 Warning(s).

<h2>Software Packages used:</h2>

Package Vendor: Keil
                https://www.keil.com/pack/Keil.STM32F1xx_DFP.2.4.1.pack
                Keil::STM32F1xx_DFP@2.4.1
                STMicroelectronics STM32F1 Series Device Support, Drivers and Examples

<h2>Collection of Component include folders:</h2>
  C:/Users/DELL/AppData/Local/Arm/Packs/Keil/STM32F1xx_DFP/2.4.1/Device/Include

<h2>Collection of Component Files used:</h2>
Build Time Elapsed:  00:00:01
</pre>
</body>
</html>
